../Core/Src/lcd.c:61:6:lcd_wr_xdata	16	static
../Core/Src/lcd.c:76:37:lcd_wr_regno	16	static
../Core/Src/lcd.c:92:6:lcd_write_reg	24	static
../Core/Src/lcd.c:104:13:lcd_opt_delay	16	static
../Core/Src/lcd.c:114:17:lcd_rd_data	32	static
../Core/Src/lcd.c:149:37:lcd_write_ram_prepare	16	static
../Core/Src/lcd.c:159:10:lcd_read_point	32	static
../Core/Src/lcd.c:202:6:lcd_display_on	16	static
../Core/Src/lcd.c:219:6:lcd_display_off	16	static
../Core/Src/lcd.c:236:6:lcd_set_cursor	40	static
../Core/Src/lcd.c:297:6:lcd_scan_dir	48	static
../Core/Src/lcd.c:456:6:lcd_draw_point	24	static
../Core/Src/lcd.c:463:6:lcd_draw_point_scale	40	static
../Core/Src/lcd.c:477:6:lcd_ssd_backlight_set	32	static
../Core/Src/lcd.c:493:6:lcd_display_dir	16	static
../Core/Src/lcd.c:583:6:lcd_set_window	48	static
../Core/Src/lcd.c:645:6:lcd_init	368	static
../Core/Src/lcd.c:2411:6:lcd_clear	32	static
../Core/Src/lcd.c:2444:6:lcd_fill	32	static
../Core/Src/lcd.c:2468:6:lcd_color_fill	40	static
../Core/Src/lcd.c:2487:6:lcd_color_fill_scale	40	static
../Core/Src/lcd.c:2513:6:lcd_draw_line	64	static
../Core/Src/lcd.c:2569:6:lcd_draw_hline	32	static
../Core/Src/lcd.c:2583:6:lcd_draw_rectangle	32	static
../Core/Src/lcd.c:2598:6:lcd_draw_circle	40	static
../Core/Src/lcd.c:2638:6:lcd_fill_circle	40	static
../Core/Src/lcd.c:2676:6:lcd_show_char	40	static
../Core/Src/lcd.c:2747:17:lcd_pow	24	static
../Core/Src/lcd.c:2765:6:lcd_show_num	48	static
../Core/Src/lcd.c:2805:6:lcd_show_xnum	48	static
../Core/Src/lcd.c:2849:6:lcd_show_string	40	static
