../Core/Src/stm32f1xx_it.c:83:6:NMI_Handler	4	static
../Core/Src/stm32f1xx_it.c:98:6:HardFault_Handler	4	static
../Core/Src/stm32f1xx_it.c:113:6:MemManage_Handler	4	static
../Core/Src/stm32f1xx_it.c:128:6:BusFault_Handler	4	static
../Core/Src/stm32f1xx_it.c:143:6:UsageFault_Handler	4	static
../Core/Src/stm32f1xx_it.c:158:6:SVC_Handler	4	static
../Core/Src/stm32f1xx_it.c:171:6:DebugMon_Handler	4	static
../Core/Src/stm32f1xx_it.c:184:6:PendSV_Handler	4	static
../Core/Src/stm32f1xx_it.c:197:6:SysTick_Handler	8	static
../Core/Src/stm32f1xx_it.c:218:6:EXTI0_IRQHandler	8	static
../Core/Src/stm32f1xx_it.c:232:6:EXTI9_5_IRQHandler	8	static
../Core/Src/stm32f1xx_it.c:246:6:TIM3_IRQHandler	8	static
../Core/Src/stm32f1xx_it.c:260:6:USART1_IRQHandler	8	static
../Core/Src/stm32f1xx_it.c:274:6:EXTI15_10_IRQHandler	8	static
../Core/Src/stm32f1xx_it.c:286:13:HAL_GPIO_EXTI_Callback	32	static
../Core/Src/stm32f1xx_it.c:325:13:HAL_UART_RxCpltCallback	24	static
../Core/Src/stm32f1xx_it.c:347:13:HAL_TIM_PeriodElapsedCallback	32	static
