Archive member included to satisfy reference by file (symbol)

/Applications/STM32CubeIDE.app/Contents/Eclipse/plugins/com.st.stm32cube.ide.mcu.externaltools.gnu-tools-for-stm32.12.3.rel1.macos64_1.0.200.202406191456/tools/bin/../lib/gcc/arm-none-eabi/12.3.1/../../../../arm-none-eabi/lib/thumb/v7-m/nofp/libc_nano.a(libc_a-exit.o)
                              /Applications/STM32CubeIDE.app/Contents/Eclipse/plugins/com.st.stm32cube.ide.mcu.externaltools.gnu-tools-for-stm32.12.3.rel1.macos64_1.0.200.202406191456/tools/bin/../lib/gcc/arm-none-eabi/12.3.1/../../../../arm-none-eabi/lib/thumb/v7-m/nofp/crt0.o (exit)
/Applications/STM32CubeIDE.app/Contents/Eclipse/plugins/com.st.stm32cube.ide.mcu.externaltools.gnu-tools-for-stm32.12.3.rel1.macos64_1.0.200.202406191456/tools/bin/../lib/gcc/arm-none-eabi/12.3.1/../../../../arm-none-eabi/lib/thumb/v7-m/nofp/libc_nano.a(libc_a-findfp.o)
                              /Applications/STM32CubeIDE.app/Contents/Eclipse/plugins/com.st.stm32cube.ide.mcu.externaltools.gnu-tools-for-stm32.12.3.rel1.macos64_1.0.200.202406191456/tools/bin/../lib/gcc/arm-none-eabi/12.3.1/../../../../arm-none-eabi/lib/thumb/v7-m/nofp/libc_nano.a(libc_a-exit.o) (__stdio_exit_handler)
/Applications/STM32CubeIDE.app/Contents/Eclipse/plugins/com.st.stm32cube.ide.mcu.externaltools.gnu-tools-for-stm32.12.3.rel1.macos64_1.0.200.202406191456/tools/bin/../lib/gcc/arm-none-eabi/12.3.1/../../../../arm-none-eabi/lib/thumb/v7-m/nofp/libc_nano.a(libc_a-fwalk.o)
                              /Applications/STM32CubeIDE.app/Contents/Eclipse/plugins/com.st.stm32cube.ide.mcu.externaltools.gnu-tools-for-stm32.12.3.rel1.macos64_1.0.200.202406191456/tools/bin/../lib/gcc/arm-none-eabi/12.3.1/../../../../arm-none-eabi/lib/thumb/v7-m/nofp/libc_nano.a(libc_a-findfp.o) (_fwalk_sglue)
/Applications/STM32CubeIDE.app/Contents/Eclipse/plugins/com.st.stm32cube.ide.mcu.externaltools.gnu-tools-for-stm32.12.3.rel1.macos64_1.0.200.202406191456/tools/bin/../lib/gcc/arm-none-eabi/12.3.1/../../../../arm-none-eabi/lib/thumb/v7-m/nofp/libc_nano.a(libc_a-memset.o)
                              /Applications/STM32CubeIDE.app/Contents/Eclipse/plugins/com.st.stm32cube.ide.mcu.externaltools.gnu-tools-for-stm32.12.3.rel1.macos64_1.0.200.202406191456/tools/bin/../lib/gcc/arm-none-eabi/12.3.1/../../../../arm-none-eabi/lib/thumb/v7-m/nofp/crt0.o (memset)
/Applications/STM32CubeIDE.app/Contents/Eclipse/plugins/com.st.stm32cube.ide.mcu.externaltools.gnu-tools-for-stm32.12.3.rel1.macos64_1.0.200.202406191456/tools/bin/../lib/gcc/arm-none-eabi/12.3.1/../../../../arm-none-eabi/lib/thumb/v7-m/nofp/libc_nano.a(libc_a-impure.o)
                              /Applications/STM32CubeIDE.app/Contents/Eclipse/plugins/com.st.stm32cube.ide.mcu.externaltools.gnu-tools-for-stm32.12.3.rel1.macos64_1.0.200.202406191456/tools/bin/../lib/gcc/arm-none-eabi/12.3.1/../../../../arm-none-eabi/lib/thumb/v7-m/nofp/libc_nano.a(libc_a-findfp.o) (_impure_data)
/Applications/STM32CubeIDE.app/Contents/Eclipse/plugins/com.st.stm32cube.ide.mcu.externaltools.gnu-tools-for-stm32.12.3.rel1.macos64_1.0.200.202406191456/tools/bin/../lib/gcc/arm-none-eabi/12.3.1/../../../../arm-none-eabi/lib/thumb/v7-m/nofp/libc_nano.a(libc_a-errno.o)
                              ./Core/Src/syscalls.o (__errno)
/Applications/STM32CubeIDE.app/Contents/Eclipse/plugins/com.st.stm32cube.ide.mcu.externaltools.gnu-tools-for-stm32.12.3.rel1.macos64_1.0.200.202406191456/tools/bin/../lib/gcc/arm-none-eabi/12.3.1/../../../../arm-none-eabi/lib/thumb/v7-m/nofp/libc_nano.a(libc_a-init.o)
                              /Applications/STM32CubeIDE.app/Contents/Eclipse/plugins/com.st.stm32cube.ide.mcu.externaltools.gnu-tools-for-stm32.12.3.rel1.macos64_1.0.200.202406191456/tools/bin/../lib/gcc/arm-none-eabi/12.3.1/../../../../arm-none-eabi/lib/thumb/v7-m/nofp/crt0.o (__libc_init_array)
/Applications/STM32CubeIDE.app/Contents/Eclipse/plugins/com.st.stm32cube.ide.mcu.externaltools.gnu-tools-for-stm32.12.3.rel1.macos64_1.0.200.202406191456/tools/bin/../lib/gcc/arm-none-eabi/12.3.1/../../../../arm-none-eabi/lib/thumb/v7-m/nofp/libc_nano.a(libc_a-lock.o)
                              /Applications/STM32CubeIDE.app/Contents/Eclipse/plugins/com.st.stm32cube.ide.mcu.externaltools.gnu-tools-for-stm32.12.3.rel1.macos64_1.0.200.202406191456/tools/bin/../lib/gcc/arm-none-eabi/12.3.1/../../../../arm-none-eabi/lib/thumb/v7-m/nofp/libc_nano.a(libc_a-findfp.o) (__retarget_lock_init_recursive)
/Applications/STM32CubeIDE.app/Contents/Eclipse/plugins/com.st.stm32cube.ide.mcu.externaltools.gnu-tools-for-stm32.12.3.rel1.macos64_1.0.200.202406191456/tools/bin/../lib/gcc/arm-none-eabi/12.3.1/../../../../arm-none-eabi/lib/thumb/v7-m/nofp/libc_nano.a(libc_a-mallocr.o)
[...]
Memory Configuration

Name             Origin             Length             Attributes
RAM              0x20000000         0x0000c000         xrw
FLASH            0x08000000         0x00040000         xr
*default*        0x00000000         0xffffffff

Linker script and memory map

LOAD /Applications/STM32CubeIDE.app/Contents/Eclipse/plugins/com.st.stm32cube.ide.mcu.externaltools.gnu-tools-for-stm32.12.3.rel1.macos64_1.0.200.202406191456/tools/bin/../lib/gcc/arm-none-eabi/12.3.1/thumb/v7-m/nofp/crti.o
LOAD /Applications/STM32CubeIDE.app/Contents/Eclipse/plugins/com.st.stm32cube.ide.mcu.externaltools.gnu-tools-for-stm32.12.3.rel1.macos64_1.0.200.202406191456/tools/bin/../lib/gcc/arm-none-eabi/12.3.1/thumb/v7-m/nofp/crtbegin.o
LOAD /Applications/STM32CubeIDE.app/Contents/Eclipse/plugins/com.st.stm32cube.ide.mcu.externaltools.gnu-tools-for-stm32.12.3.rel1.macos64_1.0.200.202406191456/tools/bin/../lib/gcc/arm-none-eabi/12.3.1/../../../../arm-none-eabi/lib/thumb/v7-m/nofp/crt0.o
LOAD ./Core/Src/gpio.o
LOAD ./Core/Src/hamming.o
LOAD ./Core/Src/lcd.o
LOAD ./Core/Src/main.o
LOAD ./Core/Src/stm32f1xx_hal_msp.o
LOAD ./Core/Src/stm32f1xx_it.o
LOAD ./Core/Src/syscalls.o
LOAD ./Core/Src/sysmem.o
LOAD ./Core/Src/system_stm32f1xx.o
LOAD ./Core/Startup/startup_stm32f103rctx.o
LOAD ./Drivers/STM32F1xx_HAL_Driver/Src/stm32f1xx_hal.o
LOAD ./Drivers/STM32F1xx_HAL_Driver/Src/stm32f1xx_hal_cortex.o
LOAD ./Drivers/STM32F1xx_HAL_Driver/Src/stm32f1xx_hal_dma.o
LOAD ./Drivers/STM32F1xx_HAL_Driver/Src/stm32f1xx_hal_exti.o
LOAD ./Drivers/STM32F1xx_HAL_Driver/Src/stm32f1xx_hal_flash.o
LOAD ./Drivers/STM32F1xx_HAL_Driver/Src/stm32f1xx_hal_flash_ex.o
LOAD ./Drivers/STM32F1xx_HAL_Driver/Src/stm32f1xx_hal_gpio.o
LOAD ./Drivers/STM32F1xx_HAL_Driver/Src/stm32f1xx_hal_gpio_ex.o
LOAD ./Drivers/STM32F1xx_HAL_Driver/Src/stm32f1xx_hal_pwr.o
LOAD ./Drivers/STM32F1xx_HAL_Driver/Src/stm32f1xx_hal_rcc.o
LOAD ./Drivers/STM32F1xx_HAL_Driver/Src/stm32f1xx_hal_rcc_ex.o
LOAD ./Drivers/STM32F1xx_HAL_Driver/Src/stm32f1xx_hal_tim.o
LOAD ./Drivers/STM32F1xx_HAL_Driver/Src/stm32f1xx_hal_tim_ex.o
START GROUP
LOAD /Applications/STM32CubeIDE.app/Contents/Eclipse/plugins/com.st.stm32cube.ide.mcu.externaltools.gnu-tools-for-stm32.12.3.rel1.macos64_1.0.200.202406191456/tools/bin/../lib/gcc/arm-none-eabi/12.3.1/../../../../arm-none-eabi/lib/thumb/v7-m/nofp/libc_nano.a
LOAD /Applications/STM32CubeIDE.app/Contents/Eclipse/plugins/com.st.stm32cube.ide.mcu.externaltools.gnu-tools-for-stm32.12.3.rel1.macos64_1.0.200.202406191456/tools/bin/../lib/gcc/arm-none-eabi/12.3.1/../../../../arm-none-eabi/lib/thumb/v7-m/nofp/libm.a
END GROUP
START GROUP
LOAD /Applications/STM32CubeIDE.app/Contents/Eclipse/plugins/com.st.stm32cube.ide.mcu.externaltools.gnu-tools-for-stm32.12.3.rel1.macos64_1.0.200.202406191456/tools/bin/../lib/gcc/arm-none-eabi/12.3.1/thumb/v7-m/nofp/libgcc.a
LOAD /Applications/STM32CubeIDE.app/Contents/Eclipse/plugins/com.st.stm32cube.ide.mcu.externaltools.gnu-tools-for-stm32.12.3.rel1.macos64_1.0.200.202406191456/tools/bin/../lib/gcc/arm-none-eabi/12.3.1/../../../../arm-none-eabi/lib/thumb/v7-m/nofp/libc_nano.a
END GROUP
START GROUP
LOAD /Applications/STM32CubeIDE.app/Contents/Eclipse/plugins/com.st.stm32cube.ide.mcu.externaltools.gnu-tools-for-stm32.12.3.rel1.macos64_1.0.200.202406191456/tools/bin/../lib/gcc/arm-none-eabi/12.3.1/thumb/v7-m/nofp/libgcc.a
LOAD /Applications/STM32CubeIDE.app/Contents/Eclipse/plugins/com.st.stm32cube.ide.mcu.externaltools.gnu-tools-for-stm32.12.3.rel1.macos64_1.0.200.202406191456/tools/bin/../lib/gcc/arm-none-eabi/12.3.1/../../../../arm-none-eabi/lib/thumb/v7-m/nofp/libc_nano.a
LOAD /Applications/STM32CubeIDE.app/Contents/Eclipse/plugins/com.st.stm32cube.ide.mcu.externaltools.gnu-tools-for-stm32.12.3.rel1.macos64_1.0.200.202406191456/tools/bin/../lib/gcc/arm-none-eabi/12.3.1/../../../../arm-none-eabi/lib/thumb/v7-m/nofp/libnosys.a
END GROUP
START GROUP
LOAD /Applications/STM32CubeIDE.app/Contents/Eclipse/plugins/com.st.stm32cube.ide.mcu.externaltools.gnu-tools-for-stm32.12.3.rel1.macos64_1.0.200.202406191456/tools/bin/../lib/gcc/arm-none-eabi/12.3.1/thumb/v7-m/nofp/libgcc.a
LOAD /Applications/STM32CubeIDE.app/Contents/Eclipse/plugins/com.st.stm32cube.ide.mcu.externaltools.gnu-tools-for-stm32.12.3.rel1.macos64_1.0.200.202406191456/tools/bin/../lib/gcc/arm-none-eabi/12.3.1/../../../../arm-none-eabi/lib/thumb/v7-m/nofp/libc_nano.a
LOAD /Applications/STM32CubeIDE.app/Contents/Eclipse/plugins/com.st.stm32cube.ide.mcu.externaltools.gnu-tools-for-stm32.12.3.rel1.macos64_1.0.200.202406191456/tools/bin/../lib/gcc/arm-none-eabi/12.3.1/../../../../arm-none-eabi/lib/thumb/v7-m/nofp/libnosys.a
END GROUP
LOAD /Applications/STM32CubeIDE.app/Contents/Eclipse/plugins/com.st.stm32cube.ide.mcu.externaltools.gnu-tools-for-stm32.12.3.rel1.macos64_1.0.200.202406191456/tools/bin/../lib/gcc/arm-none-eabi/12.3.1/thumb/v7-m/nofp/crtend.o
LOAD /Applications/STM32CubeIDE.app/Contents/Eclipse/plugins/com.st.stm32cube.ide.mcu.externaltools.gnu-tools-for-stm32.12.3.rel1.macos64_1.0.200.202406191456/tools/bin/../lib/gcc/arm-none-eabi/12.3.1/thumb/v7-m/nofp/crtn.o
                0x2000c000                        _estack = (ORIGIN (RAM) + LENGTH (RAM))
                0x00000200                        _Min_Heap_Size = 0x200
                0x00000400                        _Min_Stack_Size = 0x400

.isr_vector     0x08000000      0x1e4
                0x08000000                        . = ALIGN (0x4)
 *(.isr_vector)
 .isr_vector    0x08000000      0x1e4 ./Core/Startup/startup_stm32f103rctx.o
                0x08000000                g_pfnVectors
                0x080001e4                        . = ALIGN (0x4)

.text           0x080001e8     0x8b18
                0x080001e8                        . = ALIGN (0x4)
 *(.text)
 .text          0x080001e8       0x40 /Applications/STM32CubeIDE.app/Contents/Eclipse/plugins/com.st.stm32cube.ide.mcu.externaltools.gnu-tools-for-stm32.12.3.rel1.macos64_1.0.200.202406191456/tools/bin/../lib/gcc/arm-none-eabi/12.3.1/thumb/v7-m/nofp/crtbegin.o
 .text          0x08000228      0x254 /Applications/STM32CubeIDE.app/Contents/Eclipse/plugins/com.st.stm32cube.ide.mcu.externaltools.gnu-tools-for-stm32.12.3.rel1.macos64_1.0.200.202406191456/tools/bin/../lib/gcc/arm-none-eabi/12.3.1/thumb/v7-m/nofp/libgcc.a(_arm_muldf3.o)
                0x08000228                __aeabi_dmul
                0x08000228                __muldf3
 .text          0x0800047c      0x378 /Applications/STM32CubeIDE.app/Contents/Eclipse/plugins/com.st.stm32cube.ide.mcu.externaltools.gnu-tools-for-stm32.12.3.rel1.macos64_1.0.200.202406191456/tools/bin/../lib/gcc/arm-none-eabi/12.3.1/thumb/v7-m/nofp/libgcc.a(_arm_addsubdf3.o)
                0x0800047c                __aeabi_drsub
                0x08000484                __subdf3
                0x08000484                __aeabi_dsub
                0x08000488                __aeabi_dadd
                0x08000488                __adddf3
                0x08000700                __aeabi_ui2d
                0x08000700                __floatunsidf
                0x08000720                __floatsidf
                0x08000720                __aeabi_i2d
                0x08000744                __extendsfdf2
                0x08000744                __aeabi_f2d
                0x08000788                __aeabi_ul2d
                0x08000788                __floatundidf
                0x08000798                __aeabi_l2d
                0x08000798                __floatdidf
 .text          0x080007f4       0x40 /Applications/STM32CubeIDE.app/Contents/Eclipse/plugins/com.st.stm32cube.ide.mcu.externaltools.gnu-tools-for-stm32.12.3.rel1.macos64_1.0.200.202406191456/tools/bin/../lib/gcc/arm-none-eabi/12.3.1/thumb/v7-m/nofp/libgcc.a(_arm_fixunsdfsi.o)
                0x080007f4                __fixunsdfsi
                0x080007f4                __aeabi_d2uiz
 *(.text*)
 .text.MX_GPIO_Init
                0x08000834      0x148 ./Core/Src/gpio.o
                0x08000834                MX_GPIO_Init
 .text.fresh_origin
                0x0800097c       0x98 ./Core/Src/hamming.o
                0x0800097c                fresh_origin
 .text.fresh_hamming
                0x08000a14       0x94 ./Core/Src/hamming.o
                0x08000a14                fresh_hamming
 .text.print_result
                0x08000aa8      0x354 ./Core/Src/hamming.o
                0x08000aa8                print_result
 .text.print_screen
                0x08000dfc       0xcc ./Core/Src/hamming.o
                0x08000dfc                print_screen
 .text.is_parity
                0x08000ec8       0x36 ./Core/Src/hamming.o
                0x08000ec8                is_parity
 .text.flip_bit
                0x08000efe       0x8a ./Core/Src/hamming.o
                0x08000efe                flip_bit
 .text.encode   0x08000f88      0x158 ./Core/Src/hamming.o
                0x08000f88                encode
 .text.get_parity
                0x080010e0       0x64 ./Core/Src/hamming.o
                0x080010e0                get_parity
 .text.decode   0x08001144      0x180 ./Core/Src/hamming.o
                0x08001144                decode
 .text.lcd_wr_xdata
                0x080012c4       0x48 ./Core/Src/lcd.o
                0x080012c4                lcd_wr_xdata
 .text.lcd_write_reg
                0x0800130c       0x84 ./Core/Src/lcd.o
                0x0800130c                lcd_write_reg
 .text.lcd_opt_delay
                0x08001390       0x20 ./Core/Src/lcd.o
 .text.lcd_rd_data
                0x080013b0       0x88 ./Core/Src/lcd.o
 .text.lcd_set_cursor
                0x08001438      0x628 ./Core/Src/lcd.o
                0x08001438                lcd_set_cursor
 .text.lcd_scan_dir
                0x08001a60      0x718 ./Core/Src/lcd.o
                0x08001a60                lcd_scan_dir
 .text.lcd_draw_point
                0x08002178       0x94 ./Core/Src/lcd.o
                0x08002178                lcd_draw_point
 *fill*         0x0800220c        0x4 
 .text.lcd_ssd_backlight_set
                0x08002210      0x180 ./Core/Src/lcd.o
                0x08002210                lcd_ssd_backlight_set
 .text.lcd_display_dir
                0x08002390      0x1b0 ./Core/Src/lcd.o
                0x08002390                lcd_display_dir
 .text.lcd_init
                0x08002540     0x4ebc ./Core/Src/lcd.o
                0x08002540                lcd_init
 .text.lcd_clear
                0x080073fc       0xb8 ./Core/Src/lcd.o
                0x080073fc                lcd_clear
 .text.lcd_fill
                0x080074b4       0xdc ./Core/Src/lcd.o
                0x080074b4                lcd_fill
 .text.lcd_draw_hline
                0x08007590       0x64 ./Core/Src/lcd.o
                0x08007590                lcd_draw_hline
 .text.lcd_show_char
                0x080075f4      0x1ec ./Core/Src/lcd.o
                0x080075f4                lcd_show_char
 .text.lcd_show_string
                0x080077e0       0xa0 ./Core/Src/lcd.o
                0x080077e0                lcd_show_string
 .text.lcd_show_string_highlight
                0x08007880       0xf4 ./Core/Src/lcd.o
                0x08007880                lcd_show_string_highlight
 .text.main     0x08007974       0x74 ./Core/Src/main.o
                0x08007974                main
 .text.SystemClock_Config
                0x080079e8       0x8a ./Core/Src/main.o
                0x080079e8                SystemClock_Config
 .text.Error_Handler
                0x08007a72        0xc ./Core/Src/main.o
                0x08007a72                Error_Handler
 *fill*         0x08007a7e        0x2 
 .text.HAL_MspInit
                0x08007a80       0x68 ./Core/Src/stm32f1xx_hal_msp.o
                0x08007a80                HAL_MspInit
 .text.NMI_Handler
                0x08007ae8        0x8 ./Core/Src/stm32f1xx_it.o
                0x08007ae8                NMI_Handler
 .text.HardFault_Handler
                0x08007af0        0x8 ./Core/Src/stm32f1xx_it.o
                0x08007af0                HardFault_Handler
 .text.MemManage_Handler
                0x08007af8        0x8 ./Core/Src/stm32f1xx_it.o
                0x08007af8                MemManage_Handler
 .text.BusFault_Handler
                0x08007b00        0x8 ./Core/Src/stm32f1xx_it.o
                0x08007b00                BusFault_Handler
 .text.UsageFault_Handler
                0x08007b08        0x8 ./Core/Src/stm32f1xx_it.o
                0x08007b08                UsageFault_Handler
 .text.SVC_Handler
                0x08007b10        0xc ./Core/Src/stm32f1xx_it.o
                0x08007b10                SVC_Handler
 .text.DebugMon_Handler
                0x08007b1c        0xc ./Core/Src/stm32f1xx_it.o
                0x08007b1c                DebugMon_Handler
 .text.PendSV_Handler
                0x08007b28        0xc ./Core/Src/stm32f1xx_it.o
                0x08007b28                PendSV_Handler
 .text.SysTick_Handler
                0x08007b34        0xc ./Core/Src/stm32f1xx_it.o
                0x08007b34                SysTick_Handler
 .text.EXTI0_IRQHandler
                0x08007b40        0xe ./Core/Src/stm32f1xx_it.o
                0x08007b40                EXTI0_IRQHandler
 .text.EXTI9_5_IRQHandler
                0x08007b4e        0xe ./Core/Src/stm32f1xx_it.o
                0x08007b4e                EXTI9_5_IRQHandler
 .text.EXTI15_10_IRQHandler
                0x08007b5c       0x10 ./Core/Src/stm32f1xx_it.o
                0x08007b5c                EXTI15_10_IRQHandler
 .text.HAL_GPIO_EXTI_Callback
                0x08007b6c      0x21c ./Core/Src/stm32f1xx_it.o
                0x08007b6c                HAL_GPIO_EXTI_Callback
 .text.SystemInit
                0x08007d88        0xc ./Core/Src/system_stm32f1xx.o
                0x08007d88                SystemInit
 .text.Reset_Handler
                0x08007d94       0x48 ./Core/Startup/startup_stm32f103rctx.o
                0x08007d94                Reset_Handler
 .text.Default_Handler
                0x08007ddc        0x2 ./Core/Startup/startup_stm32f103rctx.o
                0x08007ddc                DMA2_Channel3_IRQHandler
                0x08007ddc                EXTI2_IRQHandler
                0x08007ddc                TIM8_TRG_COM_IRQHandler
                0x08007ddc                TIM8_CC_IRQHandler
                0x08007ddc                TIM1_CC_IRQHandler
                0x08007ddc                TIM6_IRQHandler
                0x08007ddc                PVD_IRQHandler
                0x08007ddc                SDIO_IRQHandler
                0x08007ddc                EXTI3_IRQHandler
                0x08007ddc                I2C2_EV_IRQHandler
                0x08007ddc                ADC1_2_IRQHandler
                0x08007ddc                SPI1_IRQHandler
                0x08007ddc                TAMPER_IRQHandler
                0x08007ddc                TIM8_UP_IRQHandler
                0x08007ddc                DMA2_Channel2_IRQHandler
                0x08007ddc                DMA1_Channel4_IRQHandler
                0x08007ddc                USART3_IRQHandler
                0x08007ddc                RTC_IRQHandler
                0x08007ddc                DMA1_Channel7_IRQHandler
                0x08007ddc                CAN1_RX1_IRQHandler
                0x08007ddc                UART5_IRQHandler
                0x08007ddc                ADC3_IRQHandler
                0x08007ddc                TIM4_IRQHandler
                0x08007ddc                DMA2_Channel1_IRQHandler
                0x08007ddc                I2C1_EV_IRQHandler
                0x08007ddc                DMA1_Channel6_IRQHandler
                0x08007ddc                UART4_IRQHandler
                0x08007ddc                TIM3_IRQHandler
                0x08007ddc                RCC_IRQHandler
                0x08007ddc                TIM1_TRG_COM_IRQHandler
                0x08007ddc                DMA1_Channel1_IRQHandler
                0x08007ddc                Default_Handler
                0x08007ddc                TIM7_IRQHandler
                0x08007ddc                TIM5_IRQHandler
                0x08007ddc                SPI2_IRQHandler
                0x08007ddc                DMA1_Channel5_IRQHandler
                0x08007ddc                EXTI4_IRQHandler
                0x08007ddc                USB_LP_CAN1_RX0_IRQHandler
                0x08007ddc                USB_HP_CAN1_TX_IRQHandler
                0x08007ddc                DMA1_Channel3_IRQHandler
                0x08007ddc                FSMC_IRQHandler
                0x08007ddc                TIM1_UP_IRQHandler
                0x08007ddc                WWDG_IRQHandler
                0x08007ddc                TIM2_IRQHandler
                0x08007ddc                TIM1_BRK_IRQHandler
                0x08007ddc                EXTI1_IRQHandler
                0x08007ddc                DMA2_Channel4_5_IRQHandler
                0x08007ddc                USART2_IRQHandler
                0x08007ddc                I2C2_ER_IRQHandler
                0x08007ddc                DMA1_Channel2_IRQHandler
                0x08007ddc                TIM8_BRK_IRQHandler
                0x08007ddc                CAN1_SCE_IRQHandler
                0x08007ddc                FLASH_IRQHandler
                0x08007ddc                USART1_IRQHandler
                0x08007ddc                SPI3_IRQHandler
                0x08007ddc                I2C1_ER_IRQHandler
                0x08007ddc                USBWakeUp_IRQHandler
                0x08007ddc                RTC_Alarm_IRQHandler
 *fill*         0x08007dde        0x2 
 .text.HAL_Init
                0x08007de0       0x2c ./Drivers/STM32F1xx_HAL_Driver/Src/stm32f1xx_hal.o
                0x08007de0                HAL_Init
 .text.HAL_InitTick
                0x08007e0c       0x60 ./Drivers/STM32F1xx_HAL_Driver/Src/stm32f1xx_hal.o
                0x08007e0c                HAL_InitTick
 .text.HAL_IncTick
                0x08007e6c       0x24 ./Drivers/STM32F1xx_HAL_Driver/Src/stm32f1xx_hal.o
                0x08007e6c                HAL_IncTick
 .text.HAL_GetTick
                0x08007e90       0x14 ./Drivers/STM32F1xx_HAL_Driver/Src/stm32f1xx_hal.o
                0x08007e90                HAL_GetTick
 .text.HAL_Delay
                0x08007ea4       0x48 ./Drivers/STM32F1xx_HAL_Driver/Src/stm32f1xx_hal.o
                0x08007ea4                HAL_Delay
 .text.__NVIC_SetPriorityGrouping
                0x08007eec       0x48 ./Drivers/STM32F1xx_HAL_Driver/Src/stm32f1xx_hal_cortex.o
 .text.__NVIC_GetPriorityGrouping
                0x08007f34       0x1c ./Drivers/STM32F1xx_HAL_Driver/Src/stm32f1xx_hal_cortex.o
 .text.__NVIC_EnableIRQ
                0x08007f50       0x38 ./Drivers/STM32F1xx_HAL_Driver/Src/stm32f1xx_hal_cortex.o
 .text.__NVIC_SetPriority
                0x08007f88       0x54 ./Drivers/STM32F1xx_HAL_Driver/Src/stm32f1xx_hal_cortex.o
 .text.NVIC_EncodePriority
                0x08007fdc       0x64 ./Drivers/STM32F1xx_HAL_Driver/Src/stm32f1xx_hal_cortex.o
 .text.SysTick_Config
                0x08008040       0x44 ./Drivers/STM32F1xx_HAL_Driver/Src/stm32f1xx_hal_cortex.o
 .text.HAL_NVIC_SetPriorityGrouping
                0x08008084       0x16 ./Drivers/STM32F1xx_HAL_Driver/Src/stm32f1xx_hal_cortex.o
                0x08008084                HAL_NVIC_SetPriorityGrouping
 .text.HAL_NVIC_SetPriority
                0x0800809a       0x38 ./Drivers/STM32F1xx_HAL_Driver/Src/stm32f1xx_hal_cortex.o
                0x0800809a                HAL_NVIC_SetPriority
 .text.HAL_NVIC_EnableIRQ
                0x080080d2       0x1c ./Drivers/STM32F1xx_HAL_Driver/Src/stm32f1xx_hal_cortex.o
                0x080080d2                HAL_NVIC_EnableIRQ
 .text.HAL_SYSTICK_Config
                0x080080ee       0x18 ./Drivers/STM32F1xx_HAL_Driver/Src/stm32f1xx_hal_cortex.o
                0x080080ee                HAL_SYSTICK_Config
 *fill*         0x08008106        0x2 
 .text.HAL_GPIO_Init
                0x08008108      0x328 ./Drivers/STM32F1xx_HAL_Driver/Src/stm32f1xx_hal_gpio.o
                0x08008108                HAL_GPIO_Init
 .text.HAL_GPIO_ReadPin
                0x08008430       0x2e ./Drivers/STM32F1xx_HAL_Driver/Src/stm32f1xx_hal_gpio.o
                0x08008430                HAL_GPIO_ReadPin
 .text.HAL_GPIO_WritePin
                0x0800845e       0x30 ./Drivers/STM32F1xx_HAL_Driver/Src/stm32f1xx_hal_gpio.o
                0x0800845e                HAL_GPIO_WritePin
 *fill*         0x0800848e        0x2 
 .text.HAL_GPIO_EXTI_IRQHandler
                0x08008490       0x30 ./Drivers/STM32F1xx_HAL_Driver/Src/stm32f1xx_hal_gpio.o
                0x08008490                HAL_GPIO_EXTI_IRQHandler
 .text.HAL_RCC_OscConfig
                0x080084c0      0x504 ./Drivers/STM32F1xx_HAL_Driver/Src/stm32f1xx_hal_rcc.o
                0x080084c0                HAL_RCC_OscConfig
 .text.HAL_RCC_ClockConfig
                0x080089c4      0x1d4 ./Drivers/STM32F1xx_HAL_Driver/Src/stm32f1xx_hal_rcc.o
                0x080089c4                HAL_RCC_ClockConfig
 .text.HAL_RCC_GetSysClockFreq
                0x08008b98       0xbc ./Drivers/STM32F1xx_HAL_Driver/Src/stm32f1xx_hal_rcc.o
                0x08008b98                HAL_RCC_GetSysClockFreq
 .text.RCC_Delay
                0x08008c54       0x3c ./Drivers/STM32F1xx_HAL_Driver/Src/stm32f1xx_hal_rcc.o
 .text.memset   0x08008c90       0x10 /Applications/STM32CubeIDE.app/Contents/Eclipse/plugins/com.st.stm32cube.ide.mcu.externaltools.gnu-tools-for-stm32.12.3.rel1.macos64_1.0.200.202406191456/tools/bin/../lib/gcc/arm-none-eabi/12.3.1/../../../../arm-none-eabi/lib/thumb/v7-m/nofp/libc_nano.a(libc_a-memset.o)
                0x08008c90                memset
 .text.__libc_init_array
                0x08008ca0       0x48 /Applications/STM32CubeIDE.app/Contents/Eclipse/plugins/com.st.stm32cube.ide.mcu.externaltools.gnu-tools-for-stm32.12.3.rel1.macos64_1.0.200.202406191456/tools/bin/../lib/gcc/arm-none-eabi/12.3.1/../../../../arm-none-eabi/lib/thumb/v7-m/nofp/libc_nano.a(libc_a-init.o)
                0x08008ca0                __libc_init_array
 *(.glue_7)
 .glue_7        0x08008ce8        0x0 linker stubs
 *(.glue_7t)
 .glue_7t       0x08008ce8        0x0 linker stubs
 *(.eh_frame)
 .eh_frame      0x08008ce8        0x0 /Applications/STM32CubeIDE.app/Contents/Eclipse/plugins/com.st.stm32cube.ide.mcu.externaltools.gnu-tools-for-stm32.12.3.rel1.macos64_1.0.200.202406191456/tools/bin/../lib/gcc/arm-none-eabi/12.3.1/thumb/v7-m/nofp/crtbegin.o
 *(.init)
 .init          0x08008ce8        0x4 /Applications/STM32CubeIDE.app/Contents/Eclipse/plugins/com.st.stm32cube.ide.mcu.externaltools.gnu-tools-for-stm32.12.3.rel1.macos64_1.0.200.202406191456/tools/bin/../lib/gcc/arm-none-eabi/12.3.1/thumb/v7-m/nofp/crti.o
                0x08008ce8                _init
 .init          0x08008cec        0x8 /Applications/STM32CubeIDE.app/Contents/Eclipse/plugins/com.st.stm32cube.ide.mcu.externaltools.gnu-tools-for-stm32.12.3.rel1.macos64_1.0.200.202406191456/tools/bin/../lib/gcc/arm-none-eabi/12.3.1/thumb/v7-m/nofp/crtn.o
 *(.fini)
 .fini          0x08008cf4        0x4 /Applications/STM32CubeIDE.app/Contents/Eclipse/plugins/com.st.stm32cube.ide.mcu.externaltools.gnu-tools-for-stm32.12.3.rel1.macos64_1.0.200.202406191456/tools/bin/../lib/gcc/arm-none-eabi/12.3.1/thumb/v7-m/nofp/crti.o
                0x08008cf4                _fini
 .fini          0x08008cf8        0x8 /Applications/STM32CubeIDE.app/Contents/Eclipse/plugins/com.st.stm32cube.ide.mcu.externaltools.gnu-tools-for-stm32.12.3.rel1.macos64_1.0.200.202406191456/tools/bin/../lib/gcc/arm-none-eabi/12.3.1/thumb/v7-m/nofp/crtn.o
                0x08008d00                        . = ALIGN (0x4)
                0x08008d00                        _etext = .

.vfp11_veneer   0x08008d00        0x0
 .vfp11_veneer  0x08008d00        0x0 linker stubs

.v4_bx          0x08008d00        0x0
 .v4_bx         0x08008d00        0x0 linker stubs

.iplt           0x08008d00        0x0
 .iplt          0x08008d00        0x0 /Applications/STM32CubeIDE.app/Contents/Eclipse/plugins/com.st.stm32cube.ide.mcu.externaltools.gnu-tools-for-stm32.12.3.rel1.macos64_1.0.200.202406191456/tools/bin/../lib/gcc/arm-none-eabi/12.3.1/thumb/v7-m/nofp/crtbegin.o

.rodata         0x08008d00     0x3078
                0x08008d00                        . = ALIGN (0x4)
 *(.rodata)
 .rodata        0x08008d00       0xd8 ./Core/Src/hamming.o
 .rodata        0x08008dd8       0x10 ./Drivers/STM32F1xx_HAL_Driver/Src/stm32f1xx_hal_rcc.o
 *(.rodata*)
 .rodata.asc2_1206
                0x08008de8      0x474 ./Core/Src/lcd.o
                0x08008de8                asc2_1206
 .rodata.asc2_1608
                0x0800925c      0x5f0 ./Core/Src/lcd.o
                0x0800925c                asc2_1608
 .rodata.asc2_2412
                0x0800984c      0xd5c ./Core/Src/lcd.o
                0x0800984c                asc2_2412
 .rodata.asc2_3216
                0x0800a5a8     0x17c0 ./Core/Src/lcd.o
                0x0800a5a8                asc2_3216
 .rodata.AHBPrescTable
                0x0800bd68       0x10 ./Core/Src/system_stm32f1xx.o
                0x0800bd68                AHBPrescTable
                0x0800bd78                        . = ALIGN (0x4)

.ARM.extab      0x0800bd78        0x0
                0x0800bd78                        . = ALIGN (0x4)
 *(.ARM.extab* .gnu.linkonce.armextab.*)
                0x0800bd78                        . = ALIGN (0x4)

.ARM            0x0800bd78        0x0
                0x0800bd78                        . = ALIGN (0x4)
                0x0800bd78                        __exidx_start = .
 *(.ARM.exidx*)
                0x0800bd78                        __exidx_end = .
                0x0800bd78                        . = ALIGN (0x4)

.preinit_array  0x0800bd78        0x0
                0x0800bd78                        . = ALIGN (0x4)
                0x0800bd78                        PROVIDE (__preinit_array_start = .)
 *(.preinit_array*)
                0x0800bd78                        PROVIDE (__preinit_array_end = .)
                0x0800bd78                        . = ALIGN (0x4)

.init_array     0x0800bd78        0x4
                0x0800bd78                        . = ALIGN (0x4)
                0x0800bd78                        PROVIDE (__init_array_start = .)
 *(SORT_BY_NAME(.init_array.*))
 *(.init_array*)
 .init_array    0x0800bd78        0x4 /Applications/STM32CubeIDE.app/Contents/Eclipse/plugins/com.st.stm32cube.ide.mcu.externaltools.gnu-tools-for-stm32.12.3.rel1.macos64_1.0.200.202406191456/tools/bin/../lib/gcc/arm-none-eabi/12.3.1/thumb/v7-m/nofp/crtbegin.o
                0x0800bd7c                        PROVIDE (__init_array_end = .)
                0x0800bd7c                        . = ALIGN (0x4)

.fini_array     0x0800bd7c        0x4
                0x0800bd7c                        . = ALIGN (0x4)
                [!provide]                        PROVIDE (__fini_array_start = .)
 *(SORT_BY_NAME(.fini_array.*))
 *(.fini_array*)
 .fini_array    0x0800bd7c        0x4 /Applications/STM32CubeIDE.app/Contents/Eclipse/plugins/com.st.stm32cube.ide.mcu.externaltools.gnu-tools-for-stm32.12.3.rel1.macos64_1.0.200.202406191456/tools/bin/../lib/gcc/arm-none-eabi/12.3.1/thumb/v7-m/nofp/crtbegin.o
                [!provide]                        PROVIDE (__fini_array_end = .)
                0x0800bd80                        . = ALIGN (0x4)
                0x0800bd80                        _sidata = LOADADDR (.data)

.rel.dyn        0x0800bd80        0x0
 .rel.iplt      0x0800bd80        0x0 /Applications/STM32CubeIDE.app/Contents/Eclipse/plugins/com.st.stm32cube.ide.mcu.externaltools.gnu-tools-for-stm32.12.3.rel1.macos64_1.0.200.202406191456/tools/bin/../lib/gcc/arm-none-eabi/12.3.1/thumb/v7-m/nofp/crtbegin.o

.data           0x20000000       0x10 load address 0x0800bd80
                0x20000000                        . = ALIGN (0x4)
                0x20000000                        _sdata = .
 *(.data)
 *(.data*)
 .data.g_back_color
                0x20000000        0x4 ./Core/Src/lcd.o
                0x20000000                g_back_color
 .data.SystemCoreClock
                0x20000004        0x4 ./Core/Src/system_stm32f1xx.o
                0x20000004                SystemCoreClock
 .data.uwTickPrio
                0x20000008        0x4 ./Drivers/STM32F1xx_HAL_Driver/Src/stm32f1xx_hal.o
                0x20000008                uwTickPrio
 .data.uwTickFreq
                0x2000000c        0x1 ./Drivers/STM32F1xx_HAL_Driver/Src/stm32f1xx_hal.o
                0x2000000c                uwTickFreq
 *(.RamFunc)
 *(.RamFunc*)
                0x20000010                        . = ALIGN (0x4)
 *fill*         0x2000000d        0x3 
                0x20000010                        _edata = .

.igot.plt       0x20000010        0x0 load address 0x0800bd90
 .igot.plt      0x20000010        0x0 /Applications/STM32CubeIDE.app/Contents/Eclipse/plugins/com.st.stm32cube.ide.mcu.externaltools.gnu-tools-for-stm32.12.3.rel1.macos64_1.0.200.202406191456/tools/bin/../lib/gcc/arm-none-eabi/12.3.1/thumb/v7-m/nofp/crtbegin.o
                0x20000010                        . = ALIGN (0x4)

.bss            0x20000010       0x3c load address 0x0800bd90
                0x20000010                        _sbss = .
                0x20000010                        __bss_start__ = _sbss
 *(.bss)
 .bss           0x20000010       0x1c /Applications/STM32CubeIDE.app/Contents/Eclipse/plugins/com.st.stm32cube.ide.mcu.externaltools.gnu-tools-for-stm32.12.3.rel1.macos64_1.0.200.202406191456/tools/bin/../lib/gcc/arm-none-eabi/12.3.1/thumb/v7-m/nofp/crtbegin.o
 *(.bss*)
 .bss.mode      0x2000002c        0x4 ./Core/Src/hamming.o
                0x2000002c                mode
 .bss.input_data
                0x20000030        0x4 ./Core/Src/hamming.o
                0x20000030                input_data
 .bss.input_length
                0x20000034        0x4 ./Core/Src/hamming.o
                0x20000034                input_length
 .bss.lcddev    0x20000038        0xe ./Core/Src/lcd.o
                0x20000038                lcddev
 *fill*         0x20000046        0x2 
 .bss.uwTick    0x20000048        0x4 ./Drivers/STM32F1xx_HAL_Driver/Src/stm32f1xx_hal.o
                0x20000048                uwTick
 *(COMMON)
                0x2000004c                        . = ALIGN (0x4)
                0x2000004c                        _ebss = .
                0x2000004c                        __bss_end__ = _ebss

._user_heap_stack
                0x2000004c      0x604 load address 0x0800bd90
                0x20000050                        . = ALIGN (0x8)
 *fill*         0x2000004c        0x4 
                [!provide]                        PROVIDE (end = .)
                0x20000050                        PROVIDE (_end = .)
                0x20000250                        . = (. + _Min_Heap_Size)
 *fill*         0x20000050      0x200 
                0x20000650                        . = (. + _Min_Stack_Size)
 *fill*         0x20000250      0x400 
                0x20000650                        . = ALIGN (0x8)

/DISCARD/
 libc.a(*)
 libm.a(*)
 libgcc.a(*)

.ARM.attributes
                0x00000000       0x29
 *(.ARM.attributes)
 .ARM.attributes
                0x00000000       0x1d /Applications/STM32CubeIDE.app/Contents/Eclipse/plugins/com.st.stm32cube.ide.mcu.externaltools.gnu-tools-for-stm32.12.3.rel1.macos64_1.0.200.202406191456/tools/bin/../lib/gcc/arm-none-eabi/12.3.1/thumb/v7-m/nofp/crti.o
 .ARM.attributes
                0x0000001d       0x2d /Applications/STM32CubeIDE.app/Contents/Eclipse/plugins/com.st.stm32cube.ide.mcu.externaltools.gnu-tools-for-stm32.12.3.rel1.macos64_1.0.200.202406191456/tools/bin/../lib/gcc/arm-none-eabi/12.3.1/thumb/v7-m/nofp/crtbegin.o
 .ARM.attributes
                0x0000004a       0x2d ./Core/Src/gpio.o
 .ARM.attributes
                0x00000077       0x2d ./Core/Src/hamming.o
 .ARM.attributes
                0x000000a4       0x2d ./Core/Src/lcd.o
 .ARM.attributes
                0x000000d1       0x2d ./Core/Src/main.o
 .ARM.attributes
                0x000000fe       0x2d ./Core/Src/stm32f1xx_hal_msp.o
 .ARM.attributes
                0x0000012b       0x2d ./Core/Src/stm32f1xx_it.o
 .ARM.attributes
                0x00000158       0x2d ./Core/Src/system_stm32f1xx.o
 .ARM.attributes
                0x00000185       0x21 ./Core/Startup/startup_stm32f103rctx.o
 .ARM.attributes
                0x000001a6       0x2d ./Drivers/STM32F1xx_HAL_Driver/Src/stm32f1xx_hal.o
 .ARM.attributes
                0x000001d3       0x2d ./Drivers/STM32F1xx_HAL_Driver/Src/stm32f1xx_hal_cortex.o
 .ARM.attributes
                0x00000200       0x2d ./Drivers/STM32F1xx_HAL_Driver/Src/stm32f1xx_hal_gpio.o
 .ARM.attributes
                0x0000022d       0x2d ./Drivers/STM32F1xx_HAL_Driver/Src/stm32f1xx_hal_rcc.o
 .ARM.attributes
                0x0000025a       0x2d /Applications/STM32CubeIDE.app/Contents/Eclipse/plugins/com.st.stm32cube.ide.mcu.externaltools.gnu-tools-for-stm32.12.3.rel1.macos64_1.0.200.202406191456/tools/bin/../lib/gcc/arm-none-eabi/12.3.1/../../../../arm-none-eabi/lib/thumb/v7-m/nofp/libc_nano.a(libc_a-memset.o)
 .ARM.attributes
                0x00000287       0x2d /Applications/STM32CubeIDE.app/Contents/Eclipse/plugins/com.st.stm32cube.ide.mcu.externaltools.gnu-tools-for-stm32.12.3.rel1.macos64_1.0.200.202406191456/tools/bin/../lib/gcc/arm-none-eabi/12.3.1/../../../../arm-none-eabi/lib/thumb/v7-m/nofp/libc_nano.a(libc_a-init.o)
 .ARM.attributes
                0x000002b4       0x1d /Applications/STM32CubeIDE.app/Contents/Eclipse/plugins/com.st.stm32cube.ide.mcu.externaltools.gnu-tools-for-stm32.12.3.rel1.macos64_1.0.200.202406191456/tools/bin/../lib/gcc/arm-none-eabi/12.3.1/thumb/v7-m/nofp/libgcc.a(_arm_muldf3.o)
 .ARM.attributes
                0x000002d1       0x1d /Applications/STM32CubeIDE.app/Contents/Eclipse/plugins/com.st.stm32cube.ide.mcu.externaltools.gnu-tools-for-stm32.12.3.rel1.macos64_1.0.200.202406191456/tools/bin/../lib/gcc/arm-none-eabi/12.3.1/thumb/v7-m/nofp/libgcc.a(_arm_addsubdf3.o)
 .ARM.attributes
                0x000002ee       0x1d /Applications/STM32CubeIDE.app/Contents/Eclipse/plugins/com.st.stm32cube.ide.mcu.externaltools.gnu-tools-for-stm32.12.3.rel1.macos64_1.0.200.202406191456/tools/bin/../lib/gcc/arm-none-eabi/12.3.1/thumb/v7-m/nofp/libgcc.a(_arm_fixunsdfsi.o)
 .ARM.attributes
                0x0000030b       0x1d /Applications/STM32CubeIDE.app/Contents/Eclipse/plugins/com.st.stm32cube.ide.mcu.externaltools.gnu-tools-for-stm32.12.3.rel1.macos64_1.0.200.202406191456/tools/bin/../lib/gcc/arm-none-eabi/12.3.1/thumb/v7-m/nofp/crtn.o
OUTPUT(assignment2.elf elf32-littlearm)
LOAD linker stubs
LOAD /Applications/STM32CubeIDE.app/Contents/Eclipse/plugins/com.st.stm32cube.ide.mcu.externaltools.gnu-tools-for-stm32.12.3.rel1.macos64_1.0.200.202406191456/tools/bin/../lib/gcc/arm-none-eabi/12.3.1/../../../../arm-none-eabi/lib/thumb/v7-m/nofp/libc.a
LOAD /Applications/STM32CubeIDE.app/Contents/Eclipse/plugins/com.st.stm32cube.ide.mcu.externaltools.gnu-tools-for-stm32.12.3.rel1.macos64_1.0.200.202406191456/tools/bin/../lib/gcc/arm-none-eabi/12.3.1/../../../../arm-none-eabi/lib/thumb/v7-m/nofp/libm.a
LOAD /Applications/STM32CubeIDE.app/Contents/Eclipse/plugins/com.st.stm32cube.ide.mcu.externaltools.gnu-tools-for-stm32.12.3.rel1.macos64_1.0.200.202406191456/tools/bin/../lib/gcc/arm-none-eabi/12.3.1/thumb/v7-m/nofp/libgcc.a

.debug_info     0x00000000     0x5c87
 .debug_info    0x00000000      0x498 ./Core/Src/gpio.o
 .debug_info    0x00000498      0x65f ./Core/Src/hamming.o
 .debug_info    0x00000af7     0x26cb ./Core/Src/lcd.o
 .debug_info    0x000031c2      0x3ab ./Core/Src/main.o
 .debug_info    0x0000356d      0x204 ./Core/Src/stm32f1xx_hal_msp.o
 .debug_info    0x00003771      0x2d9 ./Core/Src/stm32f1xx_it.o
 .debug_info    0x00003a4a      0x222 ./Core/Src/system_stm32f1xx.o
 .debug_info    0x00003c6c       0x30 ./Core/Startup/startup_stm32f103rctx.o
 .debug_info    0x00003c9c      0x76a ./Drivers/STM32F1xx_HAL_Driver/Src/stm32f1xx_hal.o
 .debug_info    0x00004406      0xaed ./Drivers/STM32F1xx_HAL_Driver/Src/stm32f1xx_hal_cortex.o
 .debug_info    0x00004ef3      0x5ab ./Drivers/STM32F1xx_HAL_Driver/Src/stm32f1xx_hal_gpio.o
 .debug_info    0x0000549e      0x7e9 ./Drivers/STM32F1xx_HAL_Driver/Src/stm32f1xx_hal_rcc.o

.debug_abbrev   0x00000000     0x15dc
 .debug_abbrev  0x00000000      0x161 ./Core/Src/gpio.o
 .debug_abbrev  0x00000161      0x1ab ./Core/Src/hamming.o
 .debug_abbrev  0x0000030c      0x363 ./Core/Src/lcd.o
 .debug_abbrev  0x0000066f      0x1fa ./Core/Src/main.o
 .debug_abbrev  0x00000869       0xf7 ./Core/Src/stm32f1xx_hal_msp.o
 .debug_abbrev  0x00000960      0x1a5 ./Core/Src/stm32f1xx_it.o
 .debug_abbrev  0x00000b05      0x13f ./Core/Src/system_stm32f1xx.o
 .debug_abbrev  0x00000c44       0x24 ./Core/Startup/startup_stm32f103rctx.o
 .debug_abbrev  0x00000c68      0x201 ./Drivers/STM32F1xx_HAL_Driver/Src/stm32f1xx_hal.o
 .debug_abbrev  0x00000e69      0x2f8 ./Drivers/STM32F1xx_HAL_Driver/Src/stm32f1xx_hal_cortex.o
 .debug_abbrev  0x00001161      0x1ca ./Drivers/STM32F1xx_HAL_Driver/Src/stm32f1xx_hal_gpio.o
 .debug_abbrev  0x0000132b      0x2b1 ./Drivers/STM32F1xx_HAL_Driver/Src/stm32f1xx_hal_rcc.o

.debug_aranges  0x00000000      0x570
 .debug_aranges
                0x00000000       0x20 ./Core/Src/gpio.o
 .debug_aranges
                0x00000020       0x60 ./Core/Src/hamming.o
 .debug_aranges
                0x00000080      0x108 ./Core/Src/lcd.o
 .debug_aranges
                0x00000188       0x30 ./Core/Src/main.o
 .debug_aranges
                0x000001b8       0x20 ./Core/Src/stm32f1xx_hal_msp.o
 .debug_aranges
                0x000001d8       0x80 ./Core/Src/stm32f1xx_it.o
 .debug_aranges
                0x00000258       0x28 ./Core/Src/system_stm32f1xx.o
 .debug_aranges
                0x00000280       0x28 ./Core/Startup/startup_stm32f103rctx.o
 .debug_aranges
                0x000002a8       0xe0 ./Drivers/STM32F1xx_HAL_Driver/Src/stm32f1xx_hal.o
 .debug_aranges
                0x00000388      0x100 ./Drivers/STM32F1xx_HAL_Driver/Src/stm32f1xx_hal_cortex.o
 .debug_aranges
                0x00000488       0x58 ./Drivers/STM32F1xx_HAL_Driver/Src/stm32f1xx_hal_gpio.o
 .debug_aranges
                0x000004e0       0x90 ./Drivers/STM32F1xx_HAL_Driver/Src/stm32f1xx_hal_rcc.o

.debug_rnglists
                0x00000000      0x411
 .debug_rnglists
                0x00000000       0x14 ./Core/Src/gpio.o
 .debug_rnglists
                0x00000014       0x59 ./Core/Src/hamming.o
 .debug_rnglists
                0x0000006d       0xd9 ./Core/Src/lcd.o
 .debug_rnglists
                0x00000146       0x20 ./Core/Src/main.o
 .debug_rnglists
                0x00000166       0x13 ./Core/Src/stm32f1xx_hal_msp.o
 .debug_rnglists
                0x00000179       0x5c ./Core/Src/stm32f1xx_it.o
 .debug_rnglists
                0x000001d5       0x1a ./Core/Src/system_stm32f1xx.o
 .debug_rnglists
                0x000001ef       0x19 ./Core/Startup/startup_stm32f103rctx.o
 .debug_rnglists
                0x00000208       0xa3 ./Drivers/STM32F1xx_HAL_Driver/Src/stm32f1xx_hal.o
 .debug_rnglists
                0x000002ab       0xbb ./Drivers/STM32F1xx_HAL_Driver/Src/stm32f1xx_hal_cortex.o
 .debug_rnglists
                0x00000366       0x3f ./Drivers/STM32F1xx_HAL_Driver/Src/stm32f1xx_hal_gpio.o
 .debug_rnglists
                0x000003a5       0x6c ./Drivers/STM32F1xx_HAL_Driver/Src/stm32f1xx_hal_rcc.o

.debug_macro    0x00000000    0x1902a
 .debug_macro   0x00000000      0x19d ./Core/Src/gpio.o
 .debug_macro   0x0000019d      0xaa8 ./Core/Src/gpio.o
 .debug_macro   0x00000c45      0x20f ./Core/Src/gpio.o
 .debug_macro   0x00000e54       0x2e ./Core/Src/gpio.o
 .debug_macro   0x00000e82       0x22 ./Core/Src/gpio.o
 .debug_macro   0x00000ea4       0x22 ./Core/Src/gpio.o
 .debug_macro   0x00000ec6       0x8e ./Core/Src/gpio.o
 .debug_macro   0x00000f54       0x51 ./Core/Src/gpio.o
 .debug_macro   0x00000fa5      0x103 ./Core/Src/gpio.o
 .debug_macro   0x000010a8       0x6a ./Core/Src/gpio.o
 .debug_macro   0x00001112      0x1df ./Core/Src/gpio.o
 .debug_macro   0x000012f1       0x1c ./Core/Src/gpio.o
 .debug_macro   0x0000130d       0x22 ./Core/Src/gpio.o
 .debug_macro   0x0000132f       0xbd ./Core/Src/gpio.o
 .debug_macro   0x000013ec      0xd23 ./Core/Src/gpio.o
 .debug_macro   0x0000210f     0xfd8c ./Core/Src/gpio.o
 .debug_macro   0x00011e9b       0x6d ./Core/Src/gpio.o
 .debug_macro   0x00011f08     0x3468 ./Core/Src/gpio.o
 .debug_macro   0x00015370      0x189 ./Core/Src/gpio.o
 .debug_macro   0x000154f9       0x5c ./Core/Src/gpio.o
 .debug_macro   0x00015555      0x5be ./Core/Src/gpio.o
 .debug_macro   0x00015b13      0x4d5 ./Core/Src/gpio.o
 .debug_macro   0x00015fe8      0x1cb ./Core/Src/gpio.o
 .debug_macro   0x000161b3      0x114 ./Core/Src/gpio.o
 .debug_macro   0x000162c7      0x1ea ./Core/Src/gpio.o
 .debug_macro   0x000164b1       0x27 ./Core/Src/gpio.o
 .debug_macro   0x000164d8      0x144 ./Core/Src/gpio.o
 .debug_macro   0x0001661c      0x1bc ./Core/Src/gpio.o
 .debug_macro   0x000167d8       0x30 ./Core/Src/gpio.o
 .debug_macro   0x00016808       0x3c ./Core/Src/gpio.o
 .debug_macro   0x00016844       0x57 ./Core/Src/gpio.o
 .debug_macro   0x0001689b       0x88 ./Core/Src/gpio.o
 .debug_macro   0x00016923      0x24f ./Core/Src/gpio.o
 .debug_macro   0x00016b72      0x141 ./Core/Src/gpio.o
 .debug_macro   0x00016cb3       0xb5 ./Core/Src/gpio.o
 .debug_macro   0x00016d68       0x52 ./Core/Src/gpio.o
 .debug_macro   0x00016dba      0x271 ./Core/Src/hamming.o
 .debug_macro   0x0001702b       0x24 ./Core/Src/hamming.o
 .debug_macro   0x0001704f       0x5b ./Core/Src/hamming.o
 .debug_macro   0x000170aa       0x94 ./Core/Src/hamming.o
 .debug_macro   0x0001713e       0x43 ./Core/Src/hamming.o
 .debug_macro   0x00017181       0x34 ./Core/Src/hamming.o
 .debug_macro   0x000171b5       0x16 ./Core/Src/hamming.o
 .debug_macro   0x000171cb      0x11c ./Core/Src/hamming.o
 .debug_macro   0x000172e7       0x94 ./Core/Src/hamming.o
 .debug_macro   0x0001737b       0x16 ./Core/Src/hamming.o
 .debug_macro   0x00017391       0x43 ./Core/Src/hamming.o
 .debug_macro   0x000173d4       0x57 ./Core/Src/hamming.o
 .debug_macro   0x0001742b       0x34 ./Core/Src/hamming.o
 .debug_macro   0x0001745f       0x10 ./Core/Src/hamming.o
 .debug_macro   0x0001746f       0x58 ./Core/Src/hamming.o
 .debug_macro   0x000174c7       0x8e ./Core/Src/hamming.o
 .debug_macro   0x00017555       0x1c ./Core/Src/hamming.o
 .debug_macro   0x00017571      0x177 ./Core/Src/hamming.o
 .debug_macro   0x000176e8      0x369 ./Core/Src/hamming.o
 .debug_macro   0x00017a51       0x16 ./Core/Src/hamming.o
 .debug_macro   0x00017a67       0x29 ./Core/Src/hamming.o
 .debug_macro   0x00017a90       0x56 ./Core/Src/hamming.o
 .debug_macro   0x00017ae6       0x28 ./Core/Src/hamming.o
 .debug_macro   0x00017b0e      0x1ad ./Core/Src/hamming.o
 .debug_macro   0x00017cbb      0x272 ./Core/Src/lcd.o
 .debug_macro   0x00017f2d      0x1a7 ./Core/Src/lcd.o
 .debug_macro   0x000180d4      0x27c ./Core/Src/main.o
 .debug_macro   0x00018350       0x61 ./Core/Src/main.o
 .debug_macro   0x000183b1       0x35 ./Core/Src/main.o
 .debug_macro   0x000183e6      0x193 ./Core/Src/stm32f1xx_hal_msp.o
 .debug_macro   0x00018579      0x27c ./Core/Src/stm32f1xx_it.o
 .debug_macro   0x000187f5      0x184 ./Core/Src/system_stm32f1xx.o
 .debug_macro   0x00018979      0x1a8 ./Drivers/STM32F1xx_HAL_Driver/Src/stm32f1xx_hal.o
 .debug_macro   0x00018b21      0x184 ./Drivers/STM32F1xx_HAL_Driver/Src/stm32f1xx_hal_cortex.o
 .debug_macro   0x00018ca5      0x1ef ./Drivers/STM32F1xx_HAL_Driver/Src/stm32f1xx_hal_gpio.o
 .debug_macro   0x00018e94      0x196 ./Drivers/STM32F1xx_HAL_Driver/Src/stm32f1xx_hal_rcc.o

.debug_line     0x00000000     0x8597
 .debug_line    0x00000000      0x690 ./Core/Src/gpio.o
 .debug_line    0x00000690      0xccb ./Core/Src/hamming.o
 .debug_line    0x0000135b     0x278e ./Core/Src/lcd.o
 .debug_line    0x00003ae9      0x841 ./Core/Src/main.o
 .debug_line    0x0000432a      0x653 ./Core/Src/stm32f1xx_hal_msp.o
 .debug_line    0x0000497d      0xa2c ./Core/Src/stm32f1xx_it.o
 .debug_line    0x000053a9      0x6cf ./Core/Src/system_stm32f1xx.o
 .debug_line    0x00005a78       0x79 ./Core/Startup/startup_stm32f103rctx.o
 .debug_line    0x00005af1      0x8fc ./Drivers/STM32F1xx_HAL_Driver/Src/stm32f1xx_hal.o
 .debug_line    0x000063ed      0xae8 ./Drivers/STM32F1xx_HAL_Driver/Src/stm32f1xx_hal_cortex.o
 .debug_line    0x00006ed5      0x9bb ./Drivers/STM32F1xx_HAL_Driver/Src/stm32f1xx_hal_gpio.o
 .debug_line    0x00007890      0xd07 ./Drivers/STM32F1xx_HAL_Driver/Src/stm32f1xx_hal_rcc.o

.debug_str      0x00000000    0x8dd00
 .debug_str     0x00000000    0x8900c ./Core/Src/gpio.o
                              0x894ed (size before relaxing)
 .debug_str     0x0008900c     0x3b2b ./Core/Src/hamming.o
                              0x8cb63 (size before relaxing)
 .debug_str     0x0008cb37      0x2cf ./Core/Src/lcd.o
                              0x8cd42 (size before relaxing)
 .debug_str     0x0008ce06      0x1cf ./Core/Src/main.o
                              0x8c49e (size before relaxing)
 .debug_str     0x0008cfd5       0x49 ./Core/Src/stm32f1xx_hal_msp.o
                              0x890a7 (size before relaxing)
 .debug_str     0x0008d01e      0x141 ./Core/Src/stm32f1xx_it.o
                              0x8c44e (size before relaxing)
 .debug_str     0x0008d15f       0x7e ./Core/Src/system_stm32f1xx.o
                              0x88f90 (size before relaxing)
 .debug_str     0x0008d1dd       0x44 ./Core/Startup/startup_stm32f103rctx.o
                                 0xbb (size before relaxing)
 .debug_str     0x0008d221      0x367 ./Drivers/STM32F1xx_HAL_Driver/Src/stm32f1xx_hal.o
                              0x897a7 (size before relaxing)
 .debug_str     0x0008d588      0x2a8 ./Drivers/STM32F1xx_HAL_Driver/Src/stm32f1xx_hal_cortex.o
                              0x896f3 (size before relaxing)
 .debug_str     0x0008d830      0x2a7 ./Drivers/STM32F1xx_HAL_Driver/Src/stm32f1xx_hal_gpio.o
                              0x89316 (size before relaxing)
 .debug_str     0x0008dad7      0x229 ./Drivers/STM32F1xx_HAL_Driver/Src/stm32f1xx_hal_rcc.o
                              0x893bf (size before relaxing)

.comment        0x00000000       0x43
 .comment       0x00000000       0x43 ./Core/Src/gpio.o
                                 0x44 (size before relaxing)
 .comment       0x00000043       0x44 ./Core/Src/hamming.o
 .comment       0x00000043       0x44 ./Core/Src/lcd.o
 .comment       0x00000043       0x44 ./Core/Src/main.o
 .comment       0x00000043       0x44 ./Core/Src/stm32f1xx_hal_msp.o
 .comment       0x00000043       0x44 ./Core/Src/stm32f1xx_it.o
 .comment       0x00000043       0x44 ./Core/Src/system_stm32f1xx.o
 .comment       0x00000043       0x44 ./Drivers/STM32F1xx_HAL_Driver/Src/stm32f1xx_hal.o
 .comment       0x00000043       0x44 ./Drivers/STM32F1xx_HAL_Driver/Src/stm32f1xx_hal_cortex.o
 .comment       0x00000043       0x44 ./Drivers/STM32F1xx_HAL_Driver/Src/stm32f1xx_hal_gpio.o
 .comment       0x00000043       0x44 ./Drivers/STM32F1xx_HAL_Driver/Src/stm32f1xx_hal_rcc.o

.debug_frame    0x00000000     0x14d0
 .debug_frame   0x00000000       0x34 ./Core/Src/gpio.o
 .debug_frame   0x00000034      0x168 ./Core/Src/hamming.o
 .debug_frame   0x0000019c      0x4b4 ./Core/Src/lcd.o
 .debug_frame   0x00000650       0x68 ./Core/Src/main.o
 .debug_frame   0x000006b8       0x34 ./Core/Src/stm32f1xx_hal_msp.o
 .debug_frame   0x000006ec      0x17c ./Core/Src/stm32f1xx_it.o
 .debug_frame   0x00000868       0x58 ./Core/Src/system_stm32f1xx.o
 .debug_frame   0x000008c0      0x334 ./Drivers/STM32F1xx_HAL_Driver/Src/stm32f1xx_hal.o
 .debug_frame   0x00000bf4      0x428 ./Drivers/STM32F1xx_HAL_Driver/Src/stm32f1xx_hal_cortex.o
 .debug_frame   0x0000101c      0x14c ./Drivers/STM32F1xx_HAL_Driver/Src/stm32f1xx_hal_gpio.o
 .debug_frame   0x00001168      0x21c ./Drivers/STM32F1xx_HAL_Driver/Src/stm32f1xx_hal_rcc.o
 .debug_frame   0x00001384       0x20 /Applications/STM32CubeIDE.app/Contents/Eclipse/plugins/com.st.stm32cube.ide.mcu.externaltools.gnu-tools-for-stm32.12.3.rel1.macos64_1.0.200.202406191456/tools/bin/../lib/gcc/arm-none-eabi/12.3.1/../../../../arm-none-eabi/lib/thumb/v7-m/nofp/libc_nano.a(libc_a-memset.o)
 .debug_frame   0x000013a4       0x2c /Applications/STM32CubeIDE.app/Contents/Eclipse/plugins/com.st.stm32cube.ide.mcu.externaltools.gnu-tools-for-stm32.12.3.rel1.macos64_1.0.200.202406191456/tools/bin/../lib/gcc/arm-none-eabi/12.3.1/../../../../arm-none-eabi/lib/thumb/v7-m/nofp/libc_nano.a(libc_a-init.o)
 .debug_frame   0x000013d0       0x30 /Applications/STM32CubeIDE.app/Contents/Eclipse/plugins/com.st.stm32cube.ide.mcu.externaltools.gnu-tools-for-stm32.12.3.rel1.macos64_1.0.200.202406191456/tools/bin/../lib/gcc/arm-none-eabi/12.3.1/thumb/v7-m/nofp/libgcc.a(_arm_muldf3.o)
 .debug_frame   0x00001400       0xac /Applications/STM32CubeIDE.app/Contents/Eclipse/plugins/com.st.stm32cube.ide.mcu.externaltools.gnu-tools-for-stm32.12.3.rel1.macos64_1.0.200.202406191456/tools/bin/../lib/gcc/arm-none-eabi/12.3.1/thumb/v7-m/nofp/libgcc.a(_arm_addsubdf3.o)
 .debug_frame   0x000014ac       0x24 /Applications/STM32CubeIDE.app/Contents/Eclipse/plugins/com.st.stm32cube.ide.mcu.externaltools.gnu-tools-for-stm32.12.3.rel1.macos64_1.0.200.202406191456/tools/bin/../lib/gcc/arm-none-eabi/12.3.1/thumb/v7-m/nofp/libgcc.a(_arm_fixunsdfsi.o)

.debug_line_str
                0x00000000       0x9f
 .debug_line_str
                0x00000000       0x9f ./Core/Startup/startup_stm32f103rctx.o
